[
  {
    "Number": 66,
    "Title": "fix: add velero support",
    "Body": "",
    "Link": "https://github.com/jenkins-x/jenkins-x-boot-config/pull/66",
    "State": "open",
    "Labels": [
      "size/M"
    ],
    "Closed": false,
    "Locked": false,
    "Author": {
      "Login": "jstrachan",
      "Name": "",
      "Email": "",
      "Avatar": "https://avatars1.githubusercontent.com/u/30140?v=4",
      "Link": "",
      "Created": "0001-01-01T00:00:00Z",
      "Updated": "0001-01-01T00:00:00Z"
    },
    "Assignees": null,
    "PullRequest": true,
    "Created": "2019-09-12T07:39:33Z",
    "Updated": "2019-09-12T13:37:20Z",
    "Repository": {
      "ID": "",
      "Namespace": "jenkins-x",
      "Name": "jenkins-x-boot-config",
      "FullName": "",
      "Perm": null,
      "Branch": "",
      "Private": false,
      "Clone": "",
      "CloneSSH": "",
      "Link": "",
      "Created": "0001-01-01T00:00:00Z",
      "Updated": "0001-01-01T00:00:00Z"
    }
  },
  {
    "Number": 5452,
    "Title": "fix: avoid failing boot if folks want TLS and are not using GKE",
    "Body": "we log a warning that the combination has not been tested though\n\nfixes #5451\n\nSigned-off-by: James Strachan \u003cjames.strachan@gmail.com\u003e",
    "Link": "https://github.com/jenkins-x/jx/pull/5452",
    "State": "open",
    "Labels": [
      "size/S"
    ],
    "Closed": false,
    "Locked": false,
    "Author": {
      "Login": "jstrachan",
      "Name": "",
      "Email": "",
      "Avatar": "https://avatars1.githubusercontent.com/u/30140?v=4",
      "Link": "",
      "Created": "0001-01-01T00:00:00Z",
      "Updated": "0001-01-01T00:00:00Z"
    },
    "Assignees": null,
    "PullRequest": true,
    "Created": "2019-09-12T10:05:55Z",
    "Updated": "2019-09-12T19:56:58Z",
    "Repository": {
      "ID": "",
      "Namespace": "jenkins-x",
      "Name": "jx",
      "FullName": "",
      "Perm": null,
      "Branch": "",
      "Private": false,
      "Clone": "",
      "CloneSSH": "",
      "Link": "",
      "Created": "0001-01-01T00:00:00Z",
      "Updated": "0001-01-01T00:00:00Z"
    }
  },
  {
    "Number": 5466,
    "Title": "fix: a `jx bdd` command to trigger the bdd tests",
    "Body": "so folks can easily run the BDD tests inside any Jenkins X installation\r\n\r\nfixes https://github.com/jenkins-x/jx/issues/5454",
    "Link": "https://github.com/jenkins-x/jx/pull/5466",
    "State": "open",
    "Labels": [
      "do-not-merge/hold",
      "size/L"
    ],
    "Closed": false,
    "Locked": false,
    "Author": {
      "Login": "jstrachan",
      "Name": "",
      "Email": "",
      "Avatar": "https://avatars1.githubusercontent.com/u/30140?v=4",
      "Link": "",
      "Created": "0001-01-01T00:00:00Z",
      "Updated": "0001-01-01T00:00:00Z"
    },
    "Assignees": null,
    "PullRequest": true,
    "Created": "2019-09-12T16:42:36Z",
    "Updated": "2019-09-13T11:09:49Z",
    "Repository": {
      "ID": "",
      "Namespace": "jenkins-x",
      "Name": "jx",
      "FullName": "",
      "Perm": null,
      "Branch": "",
      "Private": false,
      "Clone": "",
      "CloneSSH": "",
      "Link": "",
      "Created": "0001-01-01T00:00:00Z",
      "Updated": "0001-01-01T00:00:00Z"
    }
  },
  {
    "Number": 29,
    "Title": "fix: add another example program",
    "Body": "add a little CLI tool to lookup a PR",
    "Link": "https://github.com/slimm609/go-scm/pull/29",
    "State": "open",
    "Labels": [
      "size/M"
    ],
    "Closed": false,
    "Locked": false,
    "Author": {
      "Login": "jstrachan",
      "Name": "",
      "Email": "",
      "Avatar": "https://avatars1.githubusercontent.com/u/30140?v=4",
      "Link": "",
      "Created": "0001-01-01T00:00:00Z",
      "Updated": "0001-01-01T00:00:00Z"
    },
    "Assignees": null,
    "PullRequest": true,
    "Created": "2019-09-13T08:21:21Z",
    "Updated": "2019-09-13T08:21:37Z",
    "Repository": {
      "ID": "",
      "Namespace": "jenkins-x",
      "Name": "go-scm",
      "FullName": "",
      "Perm": null,
      "Branch": "",
      "Private": false,
      "Clone": "",
      "CloneSSH": "",
      "Link": "",
      "Created": "0001-01-01T00:00:00Z",
      "Updated": "0001-01-01T00:00:00Z"
    }
  }
]